                                           The SAS System       11:39 Thursday, October 21, 2010   1

                                       The CONTENTS Procedure

Data Set Name        CORR.FOUREIGENVECTORS                                  Observations          0 
Member Type          DATA                                                   Variables             8 
Engine               V9                                                     Indexes               0 
Created              Thursday, October 21, 2010 11:33:42 AM                 Observation Length    64
Last Modified        Thursday, October 21, 2010 11:33:42 AM                 Deleted Observations  0 
Protection                                                                  Compressed            NO
Data Set Type                                                               Sorted                NO
Label                                                                                               
Data Representation  SOLARIS_X86_64, LINUX_X86_64, ALPHA_TRU64, LINUX_IA64                          
Encoding             latin1  Western (ISO)                                                          


                                 Engine/Host Dependent Information

            Data Set Page Size          8192                                            
            Number of Data Set Pages    1                                               
            First Data Page             1                                               
            Max Obs per Page            127                                             
            Obs in First Data Page      0                                               
            Number of Data Set Repairs  0                                               
            Filename                    /largefs/jabloche/corr/foureigenvectors.sas7bdat
            Release Created             9.0201M0                                        
            Host Created                Linux                                           
            Inode Number                1728574                                         
            Access Permission           rw-r-----                                       
            Owner Name                  jabloche                                        
            File Size (bytes)           16384                                           


                            Alphabetic List of Variables and Attributes
 
                #    Variable    Type    Len    Format     Informat    Label

                7    CUSIP       Char      8    8.         8.          CUSIP Header
                8    date        Num       8    DATE10.                            
                1    ev1         Num       8                                       
                2    ev2         Num       8                                       
                3    ev3         Num       8                                       
                4    ev4         Num       8                                       
                6    month       Num       8                                       
                5    year        Num       8                                       
